something B  
